// Jest Snapshot v1, https://goo.gl/fbAQLP

exports[`addOrChange should add a new element 1`] = `test element content`;
